// 重构日志: 174b2b99
// 同步 ID: 4d3a362f @ Sun Jul 19 17:34:54 UTC 2026
// 重构日志: 763d4cad
// 重构日志: 8bd7a916
// 同步 ID: 65f8eb3b @ Mon Jul 20 17:41:09 UTC 2026
// 重构日志: a535e991
// 重构日志: d1f2d273
// 同步 ID: 04f320fb @ Wed Jul 22 09:09:06 UTC 2026
// 同步 ID: e9075be0 @ Wed Jul 22 15:59:11 UTC 2026
// 同步 ID: 9f54b3c2 @ Thu Jul 23 13:42:49 UTC 2026
// 同步 ID: e5c56e4e @ Fri Jul 24 15:34:06 UTC 2026
// 同步 ID: 2b6d5efb @ Sat Jul 25 07:28:19 UTC 2026
// 同步 ID: 6e8fddef @ Mon Jul 27 03:04:26 UTC 2026
// 同步 ID: dd3dc1ed @ Tue Jul 28 18:16:31 UTC 2026
// 同步 ID: 47145f5b @ Wed Jul 29 16:01:45 UTC 2026
// 重构日志: 5a679372
// 重构日志: ff5ba12e
// 重构日志: 8f47c0a9
// 同步 ID: 50b5071e @ Thu Jul 30 21:07:17 UTC 2026
// 同步 ID: 05173c6d @ Fri Jul 31 10:04:12 UTC 2026
// 同步 ID: f6d2e65e @ Sat Aug  1 05:00:55 UTC 2026
// 同步 ID: 8cae6640 @ Sun Aug  2 15:04:14 UTC 2026
// 同步 ID: a45535dd @ Sun Aug  2 16:00:00 UTC 2026
// 同步 ID: a854f36a @ Sun Aug  2 18:48:40 UTC 2026
// 同步 ID: e6fdb78b @ Mon Aug  3 06:59:46 UTC 2026
// 同步 ID: ad81d764 @ Tue Aug  4 23:45:40 UTC 2026
// 同步 ID: e3af1e63 @ Wed Aug  5 02:03:23 UTC 2026
// 重构日志: 6e713592
// 同步 ID: ad35b02a @ Fri Aug  7 05:13:22 UTC 2026
// 同步 ID: 19ea80d2 @ Fri Aug  7 13:45:45 UTC 2026
// 重构日志: d74e1f71
